Need to install the following packages:
next@16.2.1
Ok to proceed? (y) Terminate batch job (Y/N)? Terminate batch job (Y/N)? 